2026-08-25 08:28:56 | INFO | P02 | === RUN START ===
2026-08-25 08:28:56 | INFO | P02 | project=P02
2026-08-25 08:28:56 | INFO | P02 | repo_dir=datafun-02-automation
2026-08-25 08:28:56 | INFO | P02 | python=3.14.7
2026-08-25 08:28:56 | INFO | P02 | os=Windows 11
2026-08-25 08:28:56 | INFO | P02 | shell=powershell
2026-08-25 08:28:56 | INFO | P02 | cwd=.
2026-08-25 08:28:56 | INFO | P02 | github_actions=False
2026-08-25 08:28:56 | INFO | P02 | ===================================
2026-08-25 08:28:56 | INFO | P02 | START main()
2026-08-25 08:28:56 | INFO | P02 | ===================================
2026-08-25 08:28:56 | INFO | P02 | -------------------------------
2026-08-25 08:28:56 | INFO | P02 | 01. LOAD the data.
2026-08-25 08:28:56 | INFO | P02 | -------------------------------
2026-08-25 08:28:56 | INFO | P02 | data file = data\penguins.csv
2026-08-25 08:28:56 | INFO | P02 | Data loaded successfully.
2026-08-25 08:28:56 | INFO | P02 | -------------------------------
2026-08-25 08:28:56 | INFO | P02 | 02. INSPECT the data.
2026-08-25 08:28:56 | INFO | P02 | -------------------------------
2026-08-25 08:28:56 | INFO | P02 | START inspect
2026-08-25 08:28:56 | INFO | P02 |    row_count:    344
2026-08-25 08:28:56 | INFO | P02 |    column_count: 8
2026-08-25 08:28:56 | INFO | P02 |    column_names: ['species', 'island', 'bill_length_mm', 'bill_depth_mm', 'flipper_length_mm', 'body_mass_g', 'sex', 'year']
2026-08-25 08:28:56 | INFO | P02 | END inspect. Returning inspection_string.
2026-08-25 08:28:56 | INFO | P02 | 
----------------
Data Inspection:
----------------
    One row means: one penguin
    Row count: 344
    Column count: 8
    Column names: ['species', 'island', 'bill_length_mm', 'bill_depth_mm', 'flipper_length_mm', 'body_mass_g', 'sex', 'year']

---------------
First Few Rows:
---------------
  species     island  bill_length_mm  ...  body_mass_g     sex  year
0  Adelie  Torgersen            39.1  ...       3750.0    male  2007
1  Adelie  Torgersen            39.5  ...       3800.0  female  2007
2  Adelie  Torgersen            40.3  ...       3250.0  female  2007
3  Adelie  Torgersen             NaN  ...          NaN     NaN  2007
4  Adelie  Torgersen            36.7  ...       3450.0  female  2007

[5 rows x 8 columns]

2026-08-25 08:28:56 | INFO | P02 | -------------------------------
2026-08-25 08:28:56 | INFO | P02 | 03. REPEAT logic using a for loop.
2026-08-25 08:28:56 | INFO | P02 | -------------------------------
2026-08-25 08:28:56 | INFO | P02 | Column name: species
2026-08-25 08:28:56 | INFO | P02 | Column name: island
2026-08-25 08:28:56 | INFO | P02 | Column name: bill_length_mm
2026-08-25 08:28:56 | INFO | P02 | Column name: bill_depth_mm
2026-08-25 08:28:56 | INFO | P02 | Column name: flipper_length_mm
2026-08-25 08:28:56 | INFO | P02 | Column name: body_mass_g
2026-08-25 08:28:56 | INFO | P02 | Column name: sex
2026-08-25 08:28:56 | INFO | P02 | Column name: year
2026-08-25 08:28:56 | INFO | P02 | Selected group column: species
2026-08-25 08:28:56 | INFO | P02 | Reason for choosing this group: 
The species column has a small number of unique values.
There are three unique species, so a for loop can
process and log each one.

2026-08-25 08:28:56 | INFO | P02 | Item: Adelie
2026-08-25 08:28:56 | INFO | P02 | Item: Gentoo
2026-08-25 08:28:56 | INFO | P02 | Item: Chinstrap
2026-08-25 08:28:56 | INFO | P02 | -------------------------------
2026-08-25 08:28:56 | INFO | P02 | 04. TRANSFORM one list to another list.
2026-08-25 08:28:56 | INFO | P02 | -------------------------------
2026-08-25 08:28:56 | INFO | P02 | Capitalized column names: ['SPECIES', 'ISLAND', 'BILL_LENGTH_MM', 'BILL_DEPTH_MM', 'FLIPPER_LENGTH_MM', 'BODY_MASS_G', 'SEX', 'YEAR']
2026-08-25 08:28:56 | INFO | P02 | -------------------------------
2026-08-25 08:28:56 | INFO | P02 | 05. BRANCH based on conditions.
2026-08-25 08:28:56 | INFO | P02 | -------------------------------
2026-08-25 08:28:56 | INFO | P02 | Selected measurement column: bill_length_mm
2026-08-25 08:28:56 | INFO | P02 | Reason for choosing this measurement: 
Bill length varies across penguins.
There is no fixed cutoff, so we'll calculate the average
and assign a classification depending on a threshold
around the average value.

2026-08-25 08:28:56 | INFO | P02 | bill_length_mm - Minimum: 32.1
2026-08-25 08:28:56 | INFO | P02 | bill_length_mm - Maximum:  59.6
2026-08-25 08:28:56 | INFO | P02 | bill_length_mm - Mean:     43.9219298245614
2026-08-25 08:28:56 | INFO | P02 | -------------------------------
2026-08-25 08:28:56 | INFO | P02 | Sample bill_length_mm: 39.1
2026-08-25 08:28:56 | INFO | P02 | Short threshold multiplier: 0.9
2026-08-25 08:28:56 | INFO | P02 | Long threshold multiplier:  1.1
2026-08-25 08:28:56 | INFO | P02 | Short threshold: 39.529736842105265
2026-08-25 08:28:56 | INFO | P02 | Long threshold:  48.31412280701755
2026-08-25 08:28:56 | INFO | P02 | First row bill_length_mm classification: SHORT
2026-08-25 08:28:56 | INFO | P02 | -------------------------------
2026-08-25 08:28:56 | INFO | P02 | 06. REPEAT while a condition is true.
2026-08-25 08:28:56 | INFO | P02 | -------------------------------
2026-08-25 08:28:56 | INFO | P02 | Starting to process measurements periodically...
2026-08-25 08:28:56 | INFO | P02 | Max records to process: 10
2026-08-25 08:28:56 | INFO | P02 | Stream wait seconds: 1
2026-08-25 08:28:56 | INFO | P02 | Current count: 0
2026-08-25 08:28:56 | INFO | P02 | Current bill_length_mm: 39.1
2026-08-25 08:28:56 | INFO | P02 | Updated count: 1
2026-08-25 08:28:57 | INFO | P02 | Current bill_length_mm: 39.5
2026-08-25 08:28:57 | INFO | P02 | Updated count: 2
2026-08-25 08:28:58 | INFO | P02 | Current bill_length_mm: 40.3
2026-08-25 08:28:58 | INFO | P02 | Updated count: 3
2026-08-25 08:28:59 | INFO | P02 | Current bill_length_mm: nan
2026-08-25 08:28:59 | INFO | P02 | Updated count: 4
2026-08-25 08:29:00 | INFO | P02 | Current bill_length_mm: 36.7
2026-08-25 08:29:00 | INFO | P02 | Updated count: 5
2026-08-25 08:29:01 | INFO | P02 | Current bill_length_mm: 39.3
2026-08-25 08:29:01 | INFO | P02 | Updated count: 6
2026-08-25 08:29:02 | INFO | P02 | Current bill_length_mm: 38.9
2026-08-25 08:29:02 | INFO | P02 | Updated count: 7
2026-08-25 08:29:03 | INFO | P02 | Current bill_length_mm: 39.2
2026-08-25 08:29:03 | INFO | P02 | Updated count: 8
2026-08-25 08:29:04 | INFO | P02 | Current bill_length_mm: 34.1
2026-08-25 08:29:04 | INFO | P02 | Updated count: 9
2026-08-25 08:29:05 | INFO | P02 | Current bill_length_mm: 42.0
2026-08-25 08:29:05 | INFO | P02 | Updated count: 10
2026-08-25 08:29:06 | INFO | P02 | -------------------------------
2026-08-25 08:29:06 | INFO | P02 | 07. VISUALIZE the selected measurement.
2026-08-25 08:29:06 | INFO | P02 | -------------------------------
2026-08-25 08:29:06 | INFO | P02 | Creating a chart to visualize the selected measurement.
2026-08-25 08:29:06 | INFO | P02 | We selected one numeric column, so let's look at the distribution.
2026-08-25 08:29:06 | INFO | P02 | Chart saved successfully at docs\images\measurement-distribution.png.
2026-08-25 08:29:06 | INFO | P02 | IMPORTANT: Close chart window to continue by clicking its X or close button.
2026-08-25 08:29:06 | INFO | P02 | ===================================
2026-08-25 08:29:06 | INFO | P02 | END main() - Executed successfully!
2026-08-25 08:29:06 | INFO | P02 | ===================================
2026-09-04 00:28:37 | INFO | P02 | === RUN START ===
2026-09-04 00:28:37 | INFO | P02 | project=P02
2026-09-04 00:28:37 | INFO | P02 | repo_dir=datafun-02-automation
2026-09-04 00:28:37 | INFO | P02 | python=3.14.7
2026-09-04 00:28:37 | INFO | P02 | os=Windows 11
2026-09-04 00:28:37 | INFO | P02 | shell=powershell
2026-09-04 00:28:37 | INFO | P02 | cwd=.
2026-09-04 00:28:37 | INFO | P02 | github_actions=False
2026-09-04 00:28:37 | INFO | P02 | ===================================
2026-09-04 00:28:37 | INFO | P02 | START main()
2026-09-04 00:28:37 | INFO | P02 | ===================================
2026-09-04 00:28:37 | INFO | P02 | -------------------------------
2026-09-04 00:28:37 | INFO | P02 | 01. LOAD the data.
2026-09-04 00:28:37 | INFO | P02 | -------------------------------
2026-09-04 00:28:37 | INFO | P02 | data file = data\penguins.csv
2026-09-04 00:28:37 | INFO | P02 | Data loaded successfully.
2026-09-04 00:28:37 | INFO | P02 | -------------------------------
2026-09-04 00:28:37 | INFO | P02 | 02. INSPECT the data.
2026-09-04 00:28:37 | INFO | P02 | -------------------------------
2026-09-04 00:28:37 | INFO | P02 | START inspect
2026-09-04 00:28:37 | INFO | P02 |    row_count:    344
2026-09-04 00:28:37 | INFO | P02 |    column_count: 8
2026-09-04 00:28:37 | INFO | P02 |    column_names: ['species', 'island', 'bill_length_mm', 'bill_depth_mm', 'flipper_length_mm', 'body_mass_g', 'sex', 'year']
2026-09-04 00:28:37 | INFO | P02 | END inspect. Returning inspection_string.
2026-09-04 00:28:37 | INFO | P02 | 
----------------
Data Inspection:
----------------
    One row means: one penguin
    Row count: 344
    Column count: 8
    Column names: ['species', 'island', 'bill_length_mm', 'bill_depth_mm', 'flipper_length_mm', 'body_mass_g', 'sex', 'year']

---------------
First Few Rows:
---------------
  species     island  bill_length_mm  ...  body_mass_g     sex  year
0  Adelie  Torgersen            39.1  ...       3750.0    male  2007
1  Adelie  Torgersen            39.5  ...       3800.0  female  2007
2  Adelie  Torgersen            40.3  ...       3250.0  female  2007
3  Adelie  Torgersen             NaN  ...          NaN     NaN  2007
4  Adelie  Torgersen            36.7  ...       3450.0  female  2007

[5 rows x 8 columns]

2026-09-04 00:28:37 | INFO | P02 | -------------------------------
2026-09-04 00:28:37 | INFO | P02 | 03. REPEAT logic using a for loop.
2026-09-04 00:28:37 | INFO | P02 | -------------------------------
2026-09-04 00:28:37 | INFO | P02 | Column name: species
2026-09-04 00:28:37 | INFO | P02 | Column name: island
2026-09-04 00:28:37 | INFO | P02 | Column name: bill_length_mm
2026-09-04 00:28:37 | INFO | P02 | Column name: bill_depth_mm
2026-09-04 00:28:37 | INFO | P02 | Column name: flipper_length_mm
2026-09-04 00:28:37 | INFO | P02 | Column name: body_mass_g
2026-09-04 00:28:37 | INFO | P02 | Column name: sex
2026-09-04 00:28:37 | INFO | P02 | Column name: year
2026-09-04 00:28:37 | INFO | P02 | Selected group column: species
2026-09-04 00:28:37 | INFO | P02 | Reason for choosing this group: 
The species column has a small number of unique values.
There are three unique species, so a for loop can
process and log each one.

2026-09-04 00:28:37 | INFO | P02 | Item: Adelie
2026-09-04 00:28:37 | INFO | P02 | Item: Gentoo
2026-09-04 00:28:37 | INFO | P02 | Item: Chinstrap
2026-09-04 00:28:37 | INFO | P02 | -------------------------------
2026-09-04 00:28:37 | INFO | P02 | 04. TRANSFORM one list to another list.
2026-09-04 00:28:37 | INFO | P02 | -------------------------------
2026-09-04 00:28:37 | INFO | P02 | Capitalized column names: ['SPECIES', 'ISLAND', 'BILL_LENGTH_MM', 'BILL_DEPTH_MM', 'FLIPPER_LENGTH_MM', 'BODY_MASS_G', 'SEX', 'YEAR']
2026-09-04 00:28:37 | INFO | P02 | -------------------------------
2026-09-04 00:28:37 | INFO | P02 | 05. BRANCH based on conditions.
2026-09-04 00:28:37 | INFO | P02 | -------------------------------
2026-09-04 00:28:37 | INFO | P02 | Selected measurement column: bill_length_mm
2026-09-04 00:28:37 | INFO | P02 | Reason for choosing this measurement: 
Bill length varies across penguins.
There is no fixed cutoff, so we'll calculate the average
and assign a classification depending on a threshold
around the average value.

2026-09-04 00:28:37 | INFO | P02 | bill_length_mm - Minimum: 32.1
2026-09-04 00:28:37 | INFO | P02 | bill_length_mm - Maximum:  59.6
2026-09-04 00:28:37 | INFO | P02 | bill_length_mm - Mean:     43.9219298245614
2026-09-04 00:28:37 | INFO | P02 | -------------------------------
2026-09-04 00:28:37 | INFO | P02 | Sample bill_length_mm: 39.1
2026-09-04 00:28:37 | INFO | P02 | Short threshold multiplier: 0.9
2026-09-04 00:28:37 | INFO | P02 | Long threshold multiplier:  1.1
2026-09-04 00:28:37 | INFO | P02 | Short threshold: 39.529736842105265
2026-09-04 00:28:37 | INFO | P02 | Long threshold:  48.31412280701755
2026-09-04 00:28:37 | INFO | P02 | First row bill_length_mm classification: SHORT
2026-09-04 00:28:37 | INFO | P02 | -------------------------------
2026-09-04 00:28:37 | INFO | P02 | 06. REPEAT while a condition is true.
2026-09-04 00:28:37 | INFO | P02 | -------------------------------
2026-09-04 00:28:37 | INFO | P02 | Starting to process measurements periodically...
2026-09-04 00:28:37 | INFO | P02 | Max records to process: 10
2026-09-04 00:28:37 | INFO | P02 | Stream wait seconds: 1
2026-09-04 00:28:37 | INFO | P02 | Current count: 0
2026-09-04 00:28:37 | INFO | P02 | Current bill_length_mm: 39.1
2026-09-04 00:28:37 | INFO | P02 | Updated count: 1
2026-09-04 00:28:38 | INFO | P02 | Current bill_length_mm: 39.5
2026-09-04 00:28:38 | INFO | P02 | Updated count: 2
2026-09-04 00:28:39 | INFO | P02 | Current bill_length_mm: 40.3
2026-09-04 00:28:39 | INFO | P02 | Updated count: 3
2026-09-04 00:28:40 | INFO | P02 | Current bill_length_mm: nan
2026-09-04 00:28:40 | INFO | P02 | Updated count: 4
2026-09-04 00:28:41 | INFO | P02 | Current bill_length_mm: 36.7
2026-09-04 00:28:41 | INFO | P02 | Updated count: 5
2026-09-04 00:28:42 | INFO | P02 | Current bill_length_mm: 39.3
2026-09-04 00:28:42 | INFO | P02 | Updated count: 6
2026-09-04 00:28:43 | INFO | P02 | Current bill_length_mm: 38.9
2026-09-04 00:28:43 | INFO | P02 | Updated count: 7
2026-09-04 00:28:44 | INFO | P02 | Current bill_length_mm: 39.2
2026-09-04 00:28:44 | INFO | P02 | Updated count: 8
2026-09-04 00:28:45 | INFO | P02 | Current bill_length_mm: 34.1
2026-09-04 00:28:45 | INFO | P02 | Updated count: 9
2026-09-04 00:28:46 | INFO | P02 | Current bill_length_mm: 42.0
2026-09-04 00:28:46 | INFO | P02 | Updated count: 10
2026-09-04 00:28:47 | INFO | P02 | -------------------------------
2026-09-04 00:28:47 | INFO | P02 | 07. VISUALIZE the selected measurement.
2026-09-04 00:28:47 | INFO | P02 | -------------------------------
2026-09-04 00:28:47 | INFO | P02 | Creating a chart to visualize the selected measurement.
2026-09-04 00:28:47 | INFO | P02 | We selected one numeric column, so let's look at the distribution.
2026-09-04 00:28:48 | INFO | P02 | Chart saved successfully at docs\images\measurement-distribution.png.
2026-09-04 00:28:48 | INFO | P02 | IMPORTANT: Close chart window to continue by clicking its X or close button.
2026-09-04 00:28:51 | INFO | P02 | ===================================
2026-09-04 00:28:51 | INFO | P02 | END main() - Executed successfully!
2026-09-04 00:28:51 | INFO | P02 | ===================================
2026-09-04 00:29:36 | INFO | P02 | === RUN START ===
2026-09-04 00:29:36 | INFO | P02 | project=P02
2026-09-04 00:29:36 | INFO | P02 | repo_dir=datafun-02-automation
2026-09-04 00:29:36 | INFO | P02 | python=3.14.7
2026-09-04 00:29:36 | INFO | P02 | os=Windows 11
2026-09-04 00:29:36 | INFO | P02 | shell=powershell
2026-09-04 00:29:36 | INFO | P02 | cwd=.
2026-09-04 00:29:36 | INFO | P02 | github_actions=False
2026-09-04 00:29:36 | INFO | P02 | ===================================
2026-09-04 00:29:36 | INFO | P02 | START main()
2026-09-04 00:29:36 | INFO | P02 | ===================================
2026-09-04 00:29:36 | INFO | P02 | -------------------------------
2026-09-04 00:29:36 | INFO | P02 | 01. LOAD the data.
2026-09-04 00:29:36 | INFO | P02 | -------------------------------
2026-09-04 00:29:36 | INFO | P02 | data file = data\penguins.csv
2026-09-04 00:29:36 | INFO | P02 | Data loaded successfully.
2026-09-04 00:29:36 | INFO | P02 | -------------------------------
2026-09-04 00:29:36 | INFO | P02 | 02. INSPECT the data.
2026-09-04 00:29:36 | INFO | P02 | -------------------------------
2026-09-04 00:29:36 | INFO | P02 | START inspect
2026-09-04 00:29:36 | INFO | P02 |    row_count:    344
2026-09-04 00:29:36 | INFO | P02 |    column_count: 8
2026-09-04 00:29:36 | INFO | P02 |    column_names: ['species', 'island', 'bill_length_mm', 'bill_depth_mm', 'flipper_length_mm', 'body_mass_g', 'sex', 'year']
2026-09-04 00:29:36 | INFO | P02 | END inspect. Returning inspection_string.
2026-09-04 00:29:36 | INFO | P02 | 
----------------
Data Inspection:
----------------
    One row means: one penguin
    Row count: 344
    Column count: 8
    Column names: ['species', 'island', 'bill_length_mm', 'bill_depth_mm', 'flipper_length_mm', 'body_mass_g', 'sex', 'year']

---------------
First Few Rows:
---------------
  species     island  bill_length_mm  ...  body_mass_g     sex  year
0  Adelie  Torgersen            39.1  ...       3750.0    male  2007
1  Adelie  Torgersen            39.5  ...       3800.0  female  2007
2  Adelie  Torgersen            40.3  ...       3250.0  female  2007
3  Adelie  Torgersen             NaN  ...          NaN     NaN  2007
4  Adelie  Torgersen            36.7  ...       3450.0  female  2007

[5 rows x 8 columns]

2026-09-04 00:29:36 | INFO | P02 | -------------------------------
2026-09-04 00:29:36 | INFO | P02 | 03. REPEAT logic using a for loop.
2026-09-04 00:29:36 | INFO | P02 | -------------------------------
2026-09-04 00:29:36 | INFO | P02 | Column name: species
2026-09-04 00:29:36 | INFO | P02 | Column name: island
2026-09-04 00:29:36 | INFO | P02 | Column name: bill_length_mm
2026-09-04 00:29:36 | INFO | P02 | Column name: bill_depth_mm
2026-09-04 00:29:36 | INFO | P02 | Column name: flipper_length_mm
2026-09-04 00:29:36 | INFO | P02 | Column name: body_mass_g
2026-09-04 00:29:36 | INFO | P02 | Column name: sex
2026-09-04 00:29:36 | INFO | P02 | Column name: year
2026-09-04 00:29:36 | INFO | P02 | Selected group column: species
2026-09-04 00:29:36 | INFO | P02 | Reason for choosing this group: 
The species column has a small number of unique values.
There are three unique species, so a for loop can
process and log each one.

2026-09-04 00:29:36 | INFO | P02 | Item: Adelie
2026-09-04 00:29:36 | INFO | P02 | Item: Gentoo
2026-09-04 00:29:36 | INFO | P02 | Item: Chinstrap
2026-09-04 00:29:36 | INFO | P02 | -------------------------------
2026-09-04 00:29:36 | INFO | P02 | 04. TRANSFORM one list to another list.
2026-09-04 00:29:36 | INFO | P02 | -------------------------------
2026-09-04 00:29:36 | INFO | P02 | Capitalized column names: ['SPECIES', 'ISLAND', 'BILL_LENGTH_MM', 'BILL_DEPTH_MM', 'FLIPPER_LENGTH_MM', 'BODY_MASS_G', 'SEX', 'YEAR']
2026-09-04 00:29:36 | INFO | P02 | -------------------------------
2026-09-04 00:29:36 | INFO | P02 | 05. BRANCH based on conditions.
2026-09-04 00:29:36 | INFO | P02 | -------------------------------
2026-09-04 00:29:36 | INFO | P02 | Selected measurement column: bill_length_mm
2026-09-04 00:29:36 | INFO | P02 | Reason for choosing this measurement: 
Bill length varies across penguins.
There is no fixed cutoff, so we'll calculate the average
and assign a classification depending on a threshold
around the average value.

2026-09-04 00:29:36 | INFO | P02 | bill_length_mm - Minimum: 32.1
2026-09-04 00:29:36 | INFO | P02 | bill_length_mm - Maximum:  59.6
2026-09-04 00:29:36 | INFO | P02 | bill_length_mm - Mean:     43.9219298245614
2026-09-04 00:29:36 | INFO | P02 | -------------------------------
2026-09-04 00:29:36 | INFO | P02 | Sample bill_length_mm: 39.1
2026-09-04 00:29:36 | INFO | P02 | Short threshold multiplier: 0.9
2026-09-04 00:29:36 | INFO | P02 | Long threshold multiplier:  1.1
2026-09-04 00:29:36 | INFO | P02 | Short threshold: 39.529736842105265
2026-09-04 00:29:36 | INFO | P02 | Long threshold:  48.31412280701755
2026-09-04 00:29:36 | INFO | P02 | First row bill_length_mm classification: SHORT
2026-09-04 00:29:36 | INFO | P02 | -------------------------------
2026-09-04 00:29:36 | INFO | P02 | 06. REPEAT while a condition is true.
2026-09-04 00:29:36 | INFO | P02 | -------------------------------
2026-09-04 00:29:36 | INFO | P02 | Starting to process measurements periodically...
2026-09-04 00:29:36 | INFO | P02 | Max records to process: 10
2026-09-04 00:29:36 | INFO | P02 | Stream wait seconds: 1
2026-09-04 00:29:36 | INFO | P02 | Current count: 0
2026-09-04 00:29:36 | INFO | P02 | Current bill_length_mm: 39.1
2026-09-04 00:29:36 | INFO | P02 | Updated count: 1
2026-09-04 00:29:37 | INFO | P02 | Current bill_length_mm: 39.5
2026-09-04 00:29:37 | INFO | P02 | Updated count: 2
2026-09-04 00:29:38 | INFO | P02 | Current bill_length_mm: 40.3
2026-09-04 00:29:38 | INFO | P02 | Updated count: 3
2026-09-04 00:29:39 | INFO | P02 | Current bill_length_mm: nan
2026-09-04 00:29:39 | INFO | P02 | Updated count: 4
2026-09-04 00:29:40 | INFO | P02 | Current bill_length_mm: 36.7
2026-09-04 00:29:40 | INFO | P02 | Updated count: 5
2026-09-04 00:29:41 | INFO | P02 | Current bill_length_mm: 39.3
2026-09-04 00:29:41 | INFO | P02 | Updated count: 6
2026-09-04 00:29:42 | INFO | P02 | Current bill_length_mm: 38.9
2026-09-04 00:29:42 | INFO | P02 | Updated count: 7
2026-09-04 00:29:43 | INFO | P02 | Current bill_length_mm: 39.2
2026-09-04 00:29:43 | INFO | P02 | Updated count: 8
2026-09-04 00:29:44 | INFO | P02 | Current bill_length_mm: 34.1
2026-09-04 00:29:44 | INFO | P02 | Updated count: 9
2026-09-04 00:29:45 | INFO | P02 | Current bill_length_mm: 42.0
2026-09-04 00:29:45 | INFO | P02 | Updated count: 10
2026-09-04 00:29:46 | INFO | P02 | -------------------------------
2026-09-04 00:29:46 | INFO | P02 | 07. VISUALIZE the selected measurement.
2026-09-04 00:29:46 | INFO | P02 | -------------------------------
2026-09-04 00:29:46 | INFO | P02 | Creating a chart to visualize the selected measurement.
2026-09-04 00:29:46 | INFO | P02 | We selected one numeric column, so let's look at the distribution.
2026-09-04 00:29:46 | INFO | P02 | Chart saved successfully at docs\images\measurement-distribution.png.
2026-09-04 00:29:46 | INFO | P02 | IMPORTANT: Close chart window to continue by clicking its X or close button.
2026-09-04 00:29:46 | INFO | P02 | ===================================
2026-09-04 00:29:46 | INFO | P02 | END main() - Executed successfully!
2026-09-04 00:29:46 | INFO | P02 | ===================================
2026-09-04 00:32:11 | INFO | P02 | === RUN START ===
2026-09-04 00:32:11 | INFO | P02 | project=P02
2026-09-04 00:32:11 | INFO | P02 | repo_dir=datafun-02-automation
2026-09-04 00:32:11 | INFO | P02 | python=3.14.7
2026-09-04 00:32:11 | INFO | P02 | os=Windows 11
2026-09-04 00:32:11 | INFO | P02 | shell=powershell
2026-09-04 00:32:11 | INFO | P02 | cwd=.
2026-09-04 00:32:11 | INFO | P02 | github_actions=False
2026-09-04 00:32:11 | INFO | P02 | ===================================
2026-09-04 00:32:11 | INFO | P02 | START main()
2026-09-04 00:32:11 | INFO | P02 | ===================================
2026-09-04 00:32:11 | INFO | P02 | -------------------------------
2026-09-04 00:32:11 | INFO | P02 | 01. LOAD the data.
2026-09-04 00:32:11 | INFO | P02 | -------------------------------
2026-09-04 00:32:11 | INFO | P02 | data file = data\penguins.csv
2026-09-04 00:32:11 | INFO | P02 | Data loaded successfully.
2026-09-04 00:32:11 | INFO | P02 | -------------------------------
2026-09-04 00:32:11 | INFO | P02 | 02. INSPECT the data.
2026-09-04 00:32:11 | INFO | P02 | -------------------------------
2026-09-04 00:32:11 | INFO | P02 | START inspect
2026-09-04 00:32:11 | INFO | P02 |    row_count:    344
2026-09-04 00:32:11 | INFO | P02 |    column_count: 8
2026-09-04 00:32:11 | INFO | P02 |    column_names: ['species', 'island', 'bill_length_mm', 'bill_depth_mm', 'flipper_length_mm', 'body_mass_g', 'sex', 'year']
2026-09-04 00:32:11 | INFO | P02 | END inspect. Returning inspection_string.
2026-09-04 00:32:11 | INFO | P02 | 
----------------
Data Inspection:
----------------
    One row means: one penguin
    Row count: 344
    Column count: 8
    Column names: ['species', 'island', 'bill_length_mm', 'bill_depth_mm', 'flipper_length_mm', 'body_mass_g', 'sex', 'year']

---------------
First Few Rows:
---------------
  species     island  bill_length_mm  ...  body_mass_g     sex  year
0  Adelie  Torgersen            39.1  ...       3750.0    male  2007
1  Adelie  Torgersen            39.5  ...       3800.0  female  2007
2  Adelie  Torgersen            40.3  ...       3250.0  female  2007
3  Adelie  Torgersen             NaN  ...          NaN     NaN  2007
4  Adelie  Torgersen            36.7  ...       3450.0  female  2007

[5 rows x 8 columns]

2026-09-04 00:32:11 | INFO | P02 | -------------------------------
2026-09-04 00:32:11 | INFO | P02 | 03. REPEAT logic using a for loop.
2026-09-04 00:32:11 | INFO | P02 | -------------------------------
2026-09-04 00:32:11 | INFO | P02 | Column name: species
2026-09-04 00:32:11 | INFO | P02 | Column name: island
2026-09-04 00:32:11 | INFO | P02 | Column name: bill_length_mm
2026-09-04 00:32:11 | INFO | P02 | Column name: bill_depth_mm
2026-09-04 00:32:11 | INFO | P02 | Column name: flipper_length_mm
2026-09-04 00:32:11 | INFO | P02 | Column name: body_mass_g
2026-09-04 00:32:11 | INFO | P02 | Column name: sex
2026-09-04 00:32:11 | INFO | P02 | Column name: year
2026-09-04 00:32:11 | INFO | P02 | Selected group column: species
2026-09-04 00:32:11 | INFO | P02 | Reason for choosing this group: 
The species column has a small number of unique values.
There are three unique species, so a for loop can
process and log each one.

2026-09-04 00:32:11 | INFO | P02 | Item: Adelie
2026-09-04 00:32:11 | INFO | P02 | Item: Gentoo
2026-09-04 00:32:11 | INFO | P02 | Item: Chinstrap
2026-09-04 00:32:11 | INFO | P02 | -------------------------------
2026-09-04 00:32:11 | INFO | P02 | 04. TRANSFORM one list to another list.
2026-09-04 00:32:11 | INFO | P02 | -------------------------------
2026-09-04 00:32:11 | INFO | P02 | Capitalized column names: ['SPECIES', 'ISLAND', 'BILL_LENGTH_MM', 'BILL_DEPTH_MM', 'FLIPPER_LENGTH_MM', 'BODY_MASS_G', 'SEX', 'YEAR']
2026-09-04 00:32:11 | INFO | P02 | -------------------------------
2026-09-04 00:32:11 | INFO | P02 | 05. BRANCH based on conditions.
2026-09-04 00:32:11 | INFO | P02 | -------------------------------
2026-09-04 00:32:11 | INFO | P02 | Selected measurement column: bill_length_mm
2026-09-04 00:32:11 | INFO | P02 | Reason for choosing this measurement: 
Bill length varies across penguins.
There is no fixed cutoff, so we'll calculate the average
and assign a classification depending on a threshold
around the average value.

2026-09-04 00:32:11 | INFO | P02 | bill_length_mm - Minimum: 32.1
2026-09-04 00:32:11 | INFO | P02 | bill_length_mm - Maximum:  59.6
2026-09-04 00:32:11 | INFO | P02 | bill_length_mm - Mean:     43.9219298245614
2026-09-04 00:32:11 | INFO | P02 | -------------------------------
2026-09-04 00:32:11 | INFO | P02 | Sample bill_length_mm: 39.1
2026-09-04 00:32:11 | INFO | P02 | Short threshold multiplier: 0.9
2026-09-04 00:32:11 | INFO | P02 | Long threshold multiplier:  1.1
2026-09-04 00:32:11 | INFO | P02 | Short threshold: 39.529736842105265
2026-09-04 00:32:11 | INFO | P02 | Long threshold:  48.31412280701755
2026-09-04 00:32:11 | INFO | P02 | First row bill_length_mm classification: SHORT
2026-09-04 00:32:11 | INFO | P02 | -------------------------------
2026-09-04 00:32:11 | INFO | P02 | 06. REPEAT while a condition is true.
2026-09-04 00:32:11 | INFO | P02 | -------------------------------
2026-09-04 00:32:11 | INFO | P02 | Starting to process measurements periodically...
2026-09-04 00:32:11 | INFO | P02 | Max records to process: 10
2026-09-04 00:32:11 | INFO | P02 | Stream wait seconds: 1
2026-09-04 00:32:11 | INFO | P02 | Current count: 0
2026-09-04 00:32:11 | INFO | P02 | Current bill_length_mm: 39.1
2026-09-04 00:32:11 | INFO | P02 | Updated count: 1
2026-09-04 00:32:12 | INFO | P02 | Current bill_length_mm: 39.5
2026-09-04 00:32:12 | INFO | P02 | Updated count: 2
2026-09-04 00:32:13 | INFO | P02 | Current bill_length_mm: 40.3
2026-09-04 00:32:13 | INFO | P02 | Updated count: 3
2026-09-04 00:32:14 | INFO | P02 | Current bill_length_mm: nan
2026-09-04 00:32:14 | INFO | P02 | Updated count: 4
2026-09-04 00:32:15 | INFO | P02 | Current bill_length_mm: 36.7
2026-09-04 00:32:15 | INFO | P02 | Updated count: 5
2026-09-04 00:32:16 | INFO | P02 | Current bill_length_mm: 39.3
2026-09-04 00:32:16 | INFO | P02 | Updated count: 6
2026-09-04 00:32:17 | INFO | P02 | Current bill_length_mm: 38.9
2026-09-04 00:32:17 | INFO | P02 | Updated count: 7
2026-09-04 00:32:18 | INFO | P02 | Current bill_length_mm: 39.2
2026-09-04 00:32:18 | INFO | P02 | Updated count: 8
2026-09-04 00:32:19 | INFO | P02 | Current bill_length_mm: 34.1
2026-09-04 00:32:19 | INFO | P02 | Updated count: 9
2026-09-04 00:32:20 | INFO | P02 | Current bill_length_mm: 42.0
2026-09-04 00:32:20 | INFO | P02 | Updated count: 10
2026-09-04 00:32:21 | INFO | P02 | -------------------------------
2026-09-04 00:32:21 | INFO | P02 | 07. VISUALIZE the selected measurement.
2026-09-04 00:32:21 | INFO | P02 | -------------------------------
2026-09-04 00:32:21 | INFO | P02 | Creating a chart to visualize the selected measurement.
2026-09-04 00:32:21 | INFO | P02 | We selected one numeric column, so let's look at the distribution.
2026-09-04 00:32:21 | INFO | P02 | Chart saved successfully at docs\images\measurement-distribution.png.
2026-09-04 00:32:21 | INFO | P02 | IMPORTANT: Close chart window to continue by clicking its X or close button.
2026-09-04 00:32:24 | INFO | P02 | ===================================
2026-09-04 00:32:24 | INFO | P02 | END main() - Executed successfully!
2026-09-04 00:32:24 | INFO | P02 | ===================================
2026-09-06 13:06:51 | INFO | P02 | === RUN START ===
2026-09-06 13:06:51 | INFO | P02 | project=P02
2026-09-06 13:06:51 | INFO | P02 | repo_dir=datafun-02-automation
2026-09-06 13:06:51 | INFO | P02 | python=3.14.7
2026-09-06 13:06:51 | INFO | P02 | os=Windows 11
2026-09-06 13:06:51 | INFO | P02 | shell=powershell
2026-09-06 13:06:51 | INFO | P02 | cwd=.
2026-09-06 13:06:51 | INFO | P02 | github_actions=False
2026-09-06 13:06:51 | INFO | P02 | ===================================
2026-09-06 13:06:51 | INFO | P02 | START main()
2026-09-06 13:06:51 | INFO | P02 | ===================================
2026-09-06 13:06:51 | INFO | P02 | -------------------------------
2026-09-06 13:06:51 | INFO | P02 | 01. LOAD the data.
2026-09-06 13:06:51 | INFO | P02 | -------------------------------
2026-09-06 13:06:51 | INFO | P02 | data file = data\penguins.csv
2026-09-06 13:06:51 | INFO | P02 | Data loaded successfully.
2026-09-06 13:06:51 | INFO | P02 | -------------------------------
2026-09-06 13:06:51 | INFO | P02 | 02. INSPECT the data.
2026-09-06 13:06:51 | INFO | P02 | -------------------------------
2026-09-06 13:06:51 | INFO | P02 | START inspect
2026-09-06 13:06:51 | INFO | P02 |    row_count:    344
2026-09-06 13:06:51 | INFO | P02 |    column_count: 8
2026-09-06 13:06:51 | INFO | P02 |    column_names: ['species', 'island', 'bill_length_mm', 'bill_depth_mm', 'flipper_length_mm', 'body_mass_g', 'sex', 'year']
2026-09-06 13:06:51 | INFO | P02 | END inspect. Returning inspection_string.
2026-09-06 13:06:51 | INFO | P02 | 
----------------
Data Inspection:
----------------
    One row means: one penguin
    Row count: 344
    Column count: 8
    Column names: ['species', 'island', 'bill_length_mm', 'bill_depth_mm', 'flipper_length_mm', 'body_mass_g', 'sex', 'year']

---------------
First Few Rows:
---------------
  species     island  bill_length_mm  bill_depth_mm  flipper_length_mm  body_mass_g     sex  year
0  Adelie  Torgersen            39.1           18.7              181.0       3750.0    male  2007
1  Adelie  Torgersen            39.5           17.4              186.0       3800.0  female  2007
2  Adelie  Torgersen            40.3           18.0              195.0       3250.0  female  2007
3  Adelie  Torgersen             NaN            NaN                NaN          NaN     NaN  2007
4  Adelie  Torgersen            36.7           19.3              193.0       3450.0  female  2007

2026-09-06 13:06:51 | INFO | P02 | -------------------------------
2026-09-06 13:06:51 | INFO | P02 | 03. REPEAT logic using a for loop.
2026-09-06 13:06:51 | INFO | P02 | -------------------------------
2026-09-06 13:06:51 | INFO | P02 | Column name: species
2026-09-06 13:06:51 | INFO | P02 | Column name: island
2026-09-06 13:06:51 | INFO | P02 | Column name: bill_length_mm
2026-09-06 13:06:51 | INFO | P02 | Column name: bill_depth_mm
2026-09-06 13:06:51 | INFO | P02 | Column name: flipper_length_mm
2026-09-06 13:06:51 | INFO | P02 | Column name: body_mass_g
2026-09-06 13:06:51 | INFO | P02 | Column name: sex
2026-09-06 13:06:51 | INFO | P02 | Column name: year
2026-09-06 13:06:51 | INFO | P02 | Selected group column: species
2026-09-06 13:06:51 | INFO | P02 | Reason for choosing this group: 
The species column has a small number of unique values.
There are three unique species, so a for loop can
process and log each one.

2026-09-06 13:06:51 | INFO | P02 | Item: Adelie
2026-09-06 13:06:51 | INFO | P02 | Item: Gentoo
2026-09-06 13:06:51 | INFO | P02 | Item: Chinstrap
2026-09-06 13:06:51 | INFO | P02 | -------------------------------
2026-09-06 13:06:51 | INFO | P02 | 04. TRANSFORM one list to another list.
2026-09-06 13:06:51 | INFO | P02 | -------------------------------
2026-09-06 13:06:51 | INFO | P02 | Capitalized column names: ['SPECIES', 'ISLAND', 'BILL_LENGTH_MM', 'BILL_DEPTH_MM', 'FLIPPER_LENGTH_MM', 'BODY_MASS_G', 'SEX', 'YEAR']
2026-09-06 13:06:51 | INFO | P02 | -------------------------------
2026-09-06 13:06:51 | INFO | P02 | 05. BRANCH based on conditions.
2026-09-06 13:06:51 | INFO | P02 | -------------------------------
2026-09-06 13:06:51 | INFO | P02 | Selected measurement column: flipper_length_mm
2026-09-06 13:06:51 | INFO | P02 | Reason for choosing this measurement: 
Flipper length varies across penguins.
There is no fixed cutoff, so we'll calculate the average
and assign a classification depending on a threshold
around the average value.

2026-09-06 13:06:51 | INFO | P02 | flipper_length_mm - Minimum: 172.0
2026-09-06 13:06:51 | INFO | P02 | flipper_length_mm - Maximum:  231.0
2026-09-06 13:06:51 | INFO | P02 | flipper_length_mm - Mean:     200.91520467836258
2026-09-06 13:06:51 | INFO | P02 | -------------------------------
2026-09-06 13:06:51 | INFO | P02 | Sample flipper_length_mm: 181.0
2026-09-06 13:06:51 | INFO | P02 | Short threshold multiplier: 0.9
2026-09-06 13:06:51 | INFO | P02 | Long threshold multiplier:  1.1
2026-09-06 13:06:51 | INFO | P02 | Short threshold: 180.82368421052632
2026-09-06 13:06:51 | INFO | P02 | Long threshold:  221.00672514619887
2026-09-06 13:06:51 | INFO | P02 | First row flipper_length_mm classification: MEDIUM
2026-09-06 13:06:51 | INFO | P02 | -------------------------------
2026-09-06 13:06:51 | INFO | P02 | 06. REPEAT while a condition is true.
2026-09-06 13:06:51 | INFO | P02 | -------------------------------
2026-09-06 13:06:51 | INFO | P02 | Starting to process measurements periodically...
2026-09-06 13:06:51 | INFO | P02 | Max records to process: 10
2026-09-06 13:06:51 | INFO | P02 | Stream wait seconds: 1
2026-09-06 13:06:51 | INFO | P02 | Current count: 0
2026-09-06 13:06:51 | INFO | P02 | Current flipper_length_mm: 181.0
2026-09-06 13:06:51 | INFO | P02 | Updated count: 1
2026-09-06 13:06:52 | INFO | P02 | Current flipper_length_mm: 186.0
2026-09-06 13:06:52 | INFO | P02 | Updated count: 2
2026-09-06 13:06:53 | INFO | P02 | Current flipper_length_mm: 195.0
2026-09-06 13:06:53 | INFO | P02 | Updated count: 3
2026-09-06 13:06:54 | INFO | P02 | Current flipper_length_mm: nan
2026-09-06 13:06:54 | INFO | P02 | Updated count: 4
2026-09-06 13:06:55 | INFO | P02 | Current flipper_length_mm: 193.0
2026-09-06 13:06:55 | INFO | P02 | Updated count: 5
2026-09-06 13:06:56 | INFO | P02 | Current flipper_length_mm: 190.0
2026-09-06 13:06:56 | INFO | P02 | Updated count: 6
2026-09-06 13:06:57 | INFO | P02 | Current flipper_length_mm: 181.0
2026-09-06 13:06:57 | INFO | P02 | Updated count: 7
2026-09-06 13:06:58 | INFO | P02 | Current flipper_length_mm: 195.0
2026-09-06 13:06:58 | INFO | P02 | Updated count: 8
2026-09-06 13:06:59 | INFO | P02 | Current flipper_length_mm: 193.0
2026-09-06 13:06:59 | INFO | P02 | Updated count: 9
2026-09-06 13:07:00 | INFO | P02 | Current flipper_length_mm: 190.0
2026-09-06 13:07:00 | INFO | P02 | Updated count: 10
2026-09-06 13:07:01 | INFO | P02 | -------------------------------
2026-09-06 13:07:01 | INFO | P02 | 07. VISUALIZE the selected measurement.
2026-09-06 13:07:01 | INFO | P02 | -------------------------------
2026-09-06 13:07:01 | INFO | P02 | Creating a chart to visualize the selected measurement.
2026-09-06 13:07:01 | INFO | P02 | We selected one numeric column, so let's look at the distribution.
2026-09-06 13:07:02 | INFO | P02 | Chart saved successfully at docs\images\measurement-distribution.png.
2026-09-06 13:07:02 | INFO | P02 | IMPORTANT: Close chart window to continue by clicking its X or close button.
2026-09-06 13:13:21 | INFO | P02 | ===================================
2026-09-06 13:13:21 | INFO | P02 | END main() - Executed successfully!
2026-09-06 13:13:21 | INFO | P02 | ===================================
2026-09-06 13:24:28 | INFO | P02 | === RUN START ===
2026-09-06 13:24:28 | INFO | P02 | project=P02
2026-09-06 13:24:28 | INFO | P02 | repo_dir=datafun-02-automation
2026-09-06 13:24:28 | INFO | P02 | python=3.14.7
2026-09-06 13:24:28 | INFO | P02 | os=Windows 11
2026-09-06 13:24:28 | INFO | P02 | shell=powershell
2026-09-06 13:24:28 | INFO | P02 | cwd=.
2026-09-06 13:24:28 | INFO | P02 | github_actions=False
2026-09-06 13:24:28 | INFO | P02 | ===================================
2026-09-06 13:24:28 | INFO | P02 | START main()
2026-09-06 13:24:28 | INFO | P02 | ===================================
2026-09-06 13:24:28 | INFO | P02 | -------------------------------
2026-09-06 13:24:28 | INFO | P02 | 01. LOAD the data.
2026-09-06 13:24:28 | INFO | P02 | -------------------------------
2026-09-06 13:24:28 | INFO | P02 | data file = data\penguins.csv
2026-09-06 13:24:28 | INFO | P02 | Data loaded successfully.
2026-09-06 13:24:28 | INFO | P02 | -------------------------------
2026-09-06 13:24:28 | INFO | P02 | 02. INSPECT the data.
2026-09-06 13:24:28 | INFO | P02 | -------------------------------
2026-09-06 13:24:28 | INFO | P02 | START inspect
2026-09-06 13:24:28 | INFO | P02 |    row_count:    344
2026-09-06 13:24:28 | INFO | P02 |    column_count: 8
2026-09-06 13:24:28 | INFO | P02 |    column_names: ['species', 'island', 'bill_length_mm', 'bill_depth_mm', 'flipper_length_mm', 'body_mass_g', 'sex', 'year']
2026-09-06 13:24:28 | INFO | P02 | END inspect. Returning inspection_string.
2026-09-06 13:24:28 | INFO | P02 | 
----------------
Data Inspection:
----------------
    One row means: one penguin
    Row count: 344
    Column count: 8
    Column names: ['species', 'island', 'bill_length_mm', 'bill_depth_mm', 'flipper_length_mm', 'body_mass_g', 'sex', 'year']

---------------
First Few Rows:
---------------
  species     island  bill_length_mm  ...  body_mass_g     sex  year
0  Adelie  Torgersen            39.1  ...       3750.0    male  2007
1  Adelie  Torgersen            39.5  ...       3800.0  female  2007
2  Adelie  Torgersen            40.3  ...       3250.0  female  2007
3  Adelie  Torgersen             NaN  ...          NaN     NaN  2007
4  Adelie  Torgersen            36.7  ...       3450.0  female  2007

[5 rows x 8 columns]

2026-09-06 13:24:28 | INFO | P02 | -------------------------------
2026-09-06 13:24:28 | INFO | P02 | 03. REPEAT logic using a for loop.
2026-09-06 13:24:28 | INFO | P02 | -------------------------------
2026-09-06 13:24:28 | INFO | P02 | Column name: species
2026-09-06 13:24:28 | INFO | P02 | Column name: island
2026-09-06 13:24:28 | INFO | P02 | Column name: bill_length_mm
2026-09-06 13:24:28 | INFO | P02 | Column name: bill_depth_mm
2026-09-06 13:24:28 | INFO | P02 | Column name: flipper_length_mm
2026-09-06 13:24:28 | INFO | P02 | Column name: body_mass_g
2026-09-06 13:24:28 | INFO | P02 | Column name: sex
2026-09-06 13:24:28 | INFO | P02 | Column name: year
2026-09-06 13:24:28 | INFO | P02 | Selected group column: species
2026-09-06 13:24:28 | INFO | P02 | Reason for choosing this group: 
The species column has a small number of unique values.
There are three unique species, so a for loop can
process and log each one.

2026-09-06 13:24:28 | INFO | P02 | Item: Adelie
2026-09-06 13:24:28 | INFO | P02 | Item: Gentoo
2026-09-06 13:24:28 | INFO | P02 | Item: Chinstrap
2026-09-06 13:24:28 | INFO | P02 | -------------------------------
2026-09-06 13:24:28 | INFO | P02 | 04. TRANSFORM one list to another list.
2026-09-06 13:24:28 | INFO | P02 | -------------------------------
2026-09-06 13:24:28 | INFO | P02 | Capitalized column names: ['SPECIES', 'ISLAND', 'BILL_LENGTH_MM', 'BILL_DEPTH_MM', 'FLIPPER_LENGTH_MM', 'BODY_MASS_G', 'SEX', 'YEAR']
2026-09-06 13:24:28 | INFO | P02 | -------------------------------
2026-09-06 13:24:28 | INFO | P02 | 05. BRANCH based on conditions.
2026-09-06 13:24:28 | INFO | P02 | -------------------------------
2026-09-06 13:24:28 | INFO | P02 | Selected measurement column: flipper_length_mm
2026-09-06 13:24:28 | INFO | P02 | Reason for choosing this measurement: 
Flipper length varies across penguins.
There is no fixed cutoff, so we'll calculate the average
and assign a classification depending on a threshold
around the average value.

2026-09-06 13:24:28 | INFO | P02 | flipper_length_mm - Minimum: 172.0
2026-09-06 13:24:28 | INFO | P02 | flipper_length_mm - Maximum:  231.0
2026-09-06 13:24:28 | INFO | P02 | flipper_length_mm - Mean:     200.91520467836258
2026-09-06 13:24:28 | INFO | P02 | -------------------------------
2026-09-06 13:24:28 | INFO | P02 | Sample flipper_length_mm: 181.0
2026-09-06 13:24:28 | INFO | P02 | Short threshold multiplier: 0.9
2026-09-06 13:24:28 | INFO | P02 | Long threshold multiplier:  1.1
2026-09-06 13:24:28 | INFO | P02 | Short threshold: 180.82368421052632
2026-09-06 13:24:28 | INFO | P02 | Long threshold:  221.00672514619887
2026-09-06 13:24:28 | INFO | P02 | First row flipper_length_mm classification: MEDIUM
2026-09-06 13:24:28 | INFO | P02 | -------------------------------
2026-09-06 13:24:28 | INFO | P02 | 06. REPEAT while a condition is true.
2026-09-06 13:24:28 | INFO | P02 | -------------------------------
2026-09-06 13:24:28 | INFO | P02 | Starting to process measurements periodically...
2026-09-06 13:24:28 | INFO | P02 | Max records to process: 10
2026-09-06 13:24:28 | INFO | P02 | Stream wait seconds: 1
2026-09-06 13:24:28 | INFO | P02 | Current count: 0
2026-09-06 13:24:28 | INFO | P02 | Current flipper_length_mm: 181.0
2026-09-06 13:24:28 | INFO | P02 | Updated count: 1
2026-09-06 13:24:29 | INFO | P02 | Current flipper_length_mm: 186.0
2026-09-06 13:24:29 | INFO | P02 | Updated count: 2
2026-09-06 13:24:30 | INFO | P02 | Current flipper_length_mm: 195.0
2026-09-06 13:24:30 | INFO | P02 | Updated count: 3
2026-09-06 13:24:31 | INFO | P02 | Current flipper_length_mm: nan
2026-09-06 13:24:31 | INFO | P02 | Updated count: 4
2026-09-06 13:24:32 | INFO | P02 | Current flipper_length_mm: 193.0
2026-09-06 13:24:32 | INFO | P02 | Updated count: 5
2026-09-06 13:24:33 | INFO | P02 | Current flipper_length_mm: 190.0
2026-09-06 13:24:33 | INFO | P02 | Updated count: 6
2026-09-06 13:24:34 | INFO | P02 | Current flipper_length_mm: 181.0
2026-09-06 13:24:34 | INFO | P02 | Updated count: 7
2026-09-06 13:24:35 | INFO | P02 | Current flipper_length_mm: 195.0
2026-09-06 13:24:35 | INFO | P02 | Updated count: 8
2026-09-06 13:24:36 | INFO | P02 | Current flipper_length_mm: 193.0
2026-09-06 13:24:36 | INFO | P02 | Updated count: 9
2026-09-06 13:24:37 | INFO | P02 | Current flipper_length_mm: 190.0
2026-09-06 13:24:37 | INFO | P02 | Updated count: 10
2026-09-06 13:24:38 | INFO | P02 | -------------------------------
2026-09-06 13:24:38 | INFO | P02 | 07. VISUALIZE the selected measurement.
2026-09-06 13:24:38 | INFO | P02 | -------------------------------
2026-09-06 13:24:38 | INFO | P02 | Creating a chart to visualize the selected measurement.
2026-09-06 13:24:38 | INFO | P02 | We selected one numeric column, so let's look at the distribution.
2026-09-06 13:24:39 | INFO | P02 | Chart saved successfully at docs\images\measurement-distribution.png.
2026-09-06 13:24:39 | INFO | P02 | IMPORTANT: Close chart window to continue by clicking its X or close button.
2026-09-06 13:24:39 | INFO | P02 | ===================================
2026-09-06 13:24:39 | INFO | P02 | END main() - Executed successfully!
2026-09-06 13:24:39 | INFO | P02 | ===================================
2026-09-06 13:47:53 | INFO | P02 | === RUN START ===
2026-09-06 13:47:53 | INFO | P02 | project=P02
2026-09-06 13:47:53 | INFO | P02 | repo_dir=datafun-02-automation
2026-09-06 13:47:53 | INFO | P02 | python=3.14.7
2026-09-06 13:47:53 | INFO | P02 | os=Windows 11
2026-09-06 13:47:53 | INFO | P02 | shell=powershell
2026-09-06 13:47:53 | INFO | P02 | cwd=.
2026-09-06 13:47:53 | INFO | P02 | github_actions=False
2026-09-06 13:47:53 | INFO | P02 | ===================================
2026-09-06 13:47:53 | INFO | P02 | START main()
2026-09-06 13:47:53 | INFO | P02 | ===================================
2026-09-06 13:47:53 | INFO | P02 | -------------------------------
2026-09-06 13:47:53 | INFO | P02 | 01. LOAD the data.
2026-09-06 13:47:53 | INFO | P02 | -------------------------------
2026-09-06 13:47:53 | INFO | P02 | data file = data\penguins.csv
2026-09-06 13:47:53 | INFO | P02 | Data loaded successfully.
2026-09-06 13:47:53 | INFO | P02 | -------------------------------
2026-09-06 13:47:53 | INFO | P02 | 02. INSPECT the data.
2026-09-06 13:47:53 | INFO | P02 | -------------------------------
2026-09-06 13:47:53 | INFO | P02 | START inspect
2026-09-06 13:47:53 | INFO | P02 |    row_count:    344
2026-09-06 13:47:53 | INFO | P02 |    column_count: 8
2026-09-06 13:47:53 | INFO | P02 |    column_names: ['species', 'island', 'bill_length_mm', 'bill_depth_mm', 'flipper_length_mm', 'body_mass_g', 'sex', 'year']
2026-09-06 13:47:53 | INFO | P02 | END inspect. Returning inspection_string.
2026-09-06 13:47:53 | INFO | P02 | 
----------------
Data Inspection:
----------------
    One row means: one penguin
    Row count: 344
    Column count: 8
    Column names: ['species', 'island', 'bill_length_mm', 'bill_depth_mm', 'flipper_length_mm', 'body_mass_g', 'sex', 'year']

---------------
First Few Rows:
---------------
  species     island  bill_length_mm  bill_depth_mm  flipper_length_mm  body_mass_g     sex  year
0  Adelie  Torgersen            39.1           18.7              181.0       3750.0    male  2007
1  Adelie  Torgersen            39.5           17.4              186.0       3800.0  female  2007
2  Adelie  Torgersen            40.3           18.0              195.0       3250.0  female  2007
3  Adelie  Torgersen             NaN            NaN                NaN          NaN     NaN  2007
4  Adelie  Torgersen            36.7           19.3              193.0       3450.0  female  2007

2026-09-06 13:47:53 | INFO | P02 | -------------------------------
2026-09-06 13:47:53 | INFO | P02 | 03. REPEAT logic using a for loop.
2026-09-06 13:47:53 | INFO | P02 | -------------------------------
2026-09-06 13:47:53 | INFO | P02 | Column name: species
2026-09-06 13:47:53 | INFO | P02 | Column name: island
2026-09-06 13:47:53 | INFO | P02 | Column name: bill_length_mm
2026-09-06 13:47:53 | INFO | P02 | Column name: bill_depth_mm
2026-09-06 13:47:53 | INFO | P02 | Column name: flipper_length_mm
2026-09-06 13:47:53 | INFO | P02 | Column name: body_mass_g
2026-09-06 13:47:53 | INFO | P02 | Column name: sex
2026-09-06 13:47:53 | INFO | P02 | Column name: year
2026-09-06 13:47:53 | INFO | P02 | Selected group column: species
2026-09-06 13:47:53 | INFO | P02 | Reason for choosing this group: 
The species column has a small number of unique values.
There are three unique species, so a for loop can
process and log each one.

2026-09-06 13:47:53 | INFO | P02 | Item: Adelie
2026-09-06 13:47:53 | INFO | P02 | Item: Gentoo
2026-09-06 13:47:53 | INFO | P02 | Item: Chinstrap
2026-09-06 13:47:53 | INFO | P02 | -------------------------------
2026-09-06 13:47:53 | INFO | P02 | 04. TRANSFORM one list to another list.
2026-09-06 13:47:53 | INFO | P02 | -------------------------------
2026-09-06 13:47:53 | INFO | P02 | Capitalized column names: ['SPECIES', 'ISLAND', 'BILL_LENGTH_MM', 'BILL_DEPTH_MM', 'FLIPPER_LENGTH_MM', 'BODY_MASS_G', 'SEX', 'YEAR']
2026-09-06 13:47:53 | INFO | P02 | -------------------------------
2026-09-06 13:47:53 | INFO | P02 | 05. BRANCH based on conditions.
2026-09-06 13:47:53 | INFO | P02 | -------------------------------
2026-09-06 13:47:53 | INFO | P02 | Selected measurement column: flipper_length_mm
2026-09-06 13:47:53 | INFO | P02 | Reason for choosing this measurement: 
Flipper length varies across penguins.
There is no fixed cutoff, so we'll calculate the average
and assign a classification depending on a threshold
around the average value.

2026-09-06 13:47:53 | INFO | P02 | flipper_length_mm - Minimum: 172.0
2026-09-06 13:47:53 | INFO | P02 | flipper_length_mm - Maximum:  231.0
2026-09-06 13:47:53 | INFO | P02 | flipper_length_mm - Mean:     200.91520467836258
2026-09-06 13:47:53 | INFO | P02 | -------------------------------
2026-09-06 13:47:53 | INFO | P02 | Sample flipper_length_mm: 181.0
2026-09-06 13:47:53 | INFO | P02 | Short threshold multiplier: 0.85
2026-09-06 13:47:53 | INFO | P02 | Long threshold multiplier:  1.15
2026-09-06 13:47:53 | INFO | P02 | Short threshold: 170.77792397660818
2026-09-06 13:47:53 | INFO | P02 | Long threshold:  231.05248538011696
2026-09-06 13:47:53 | INFO | P02 | First row flipper_length_mm classification: MEDIUM
2026-09-06 13:47:53 | INFO | P02 | -------------------------------
2026-09-06 13:47:53 | INFO | P02 | 06. REPEAT while a condition is true.
2026-09-06 13:47:53 | INFO | P02 | -------------------------------
2026-09-06 13:47:53 | INFO | P02 | Starting to process measurements periodically...
2026-09-06 13:47:53 | INFO | P02 | Max records to process: 10
2026-09-06 13:47:53 | INFO | P02 | Stream wait seconds: 1
2026-09-06 13:47:53 | INFO | P02 | Current count: 0
2026-09-06 13:47:53 | INFO | P02 | Current flipper_length_mm: 181.0
2026-09-06 13:47:53 | INFO | P02 | Updated count: 1
2026-09-06 13:47:54 | INFO | P02 | Current flipper_length_mm: 186.0
2026-09-06 13:47:54 | INFO | P02 | Updated count: 2
2026-09-06 13:47:55 | INFO | P02 | Current flipper_length_mm: 195.0
2026-09-06 13:47:55 | INFO | P02 | Updated count: 3
2026-09-06 13:47:56 | INFO | P02 | Current flipper_length_mm: nan
2026-09-06 13:47:56 | INFO | P02 | Updated count: 4
2026-09-06 13:47:57 | INFO | P02 | Current flipper_length_mm: 193.0
2026-09-06 13:47:57 | INFO | P02 | Updated count: 5
2026-09-06 13:47:58 | INFO | P02 | Current flipper_length_mm: 190.0
2026-09-06 13:47:58 | INFO | P02 | Updated count: 6
2026-09-06 13:47:59 | INFO | P02 | Current flipper_length_mm: 181.0
2026-09-06 13:47:59 | INFO | P02 | Updated count: 7
2026-09-06 13:48:00 | INFO | P02 | Current flipper_length_mm: 195.0
2026-09-06 13:48:00 | INFO | P02 | Updated count: 8
2026-09-06 13:48:01 | INFO | P02 | Current flipper_length_mm: 193.0
2026-09-06 13:48:01 | INFO | P02 | Updated count: 9
2026-09-06 13:48:02 | INFO | P02 | Current flipper_length_mm: 190.0
2026-09-06 13:48:02 | INFO | P02 | Updated count: 10
2026-09-06 13:48:03 | INFO | P02 | -------------------------------
2026-09-06 13:48:03 | INFO | P02 | 07. VISUALIZE the selected measurement.
2026-09-06 13:48:03 | INFO | P02 | -------------------------------
2026-09-06 13:48:03 | INFO | P02 | Creating a chart to visualize the selected measurement.
2026-09-06 13:48:03 | INFO | P02 | We selected one numeric column, so let's look at the distribution.
2026-09-06 13:48:04 | INFO | P02 | Chart saved successfully at docs\images\measurement-distribution.png.
2026-09-06 13:48:04 | INFO | P02 | IMPORTANT: Close chart window to continue by clicking its X or close button.
2026-09-06 13:48:15 | INFO | P02 | ===================================
2026-09-06 13:48:15 | INFO | P02 | END main() - Executed successfully!
2026-09-06 13:48:15 | INFO | P02 | ===================================
2026-09-06 13:53:29 | INFO | P02 | === RUN START ===
2026-09-06 13:53:29 | INFO | P02 | project=P02
2026-09-06 13:53:29 | INFO | P02 | repo_dir=datafun-02-automation
2026-09-06 13:53:29 | INFO | P02 | python=3.14.7
2026-09-06 13:53:29 | INFO | P02 | os=Windows 11
2026-09-06 13:53:29 | INFO | P02 | shell=powershell
2026-09-06 13:53:29 | INFO | P02 | cwd=.
2026-09-06 13:53:29 | INFO | P02 | github_actions=False
2026-09-06 13:53:29 | INFO | P02 | ===================================
2026-09-06 13:53:29 | INFO | P02 | START main()
2026-09-06 13:53:29 | INFO | P02 | ===================================
2026-09-06 13:53:29 | INFO | P02 | -------------------------------
2026-09-06 13:53:29 | INFO | P02 | 01. LOAD the data.
2026-09-06 13:53:29 | INFO | P02 | -------------------------------
2026-09-06 13:53:29 | INFO | P02 | data file = data\penguins.csv
2026-09-06 13:53:29 | INFO | P02 | Data loaded successfully.
2026-09-06 13:53:29 | INFO | P02 | -------------------------------
2026-09-06 13:53:29 | INFO | P02 | 02. INSPECT the data.
2026-09-06 13:53:29 | INFO | P02 | -------------------------------
2026-09-06 13:53:29 | INFO | P02 | START inspect
2026-09-06 13:53:29 | INFO | P02 |    row_count:    344
2026-09-06 13:53:29 | INFO | P02 |    column_count: 8
2026-09-06 13:53:29 | INFO | P02 |    column_names: ['species', 'island', 'bill_length_mm', 'bill_depth_mm', 'flipper_length_mm', 'body_mass_g', 'sex', 'year']
2026-09-06 13:53:29 | INFO | P02 | END inspect. Returning inspection_string.
2026-09-06 13:53:29 | INFO | P02 | 
----------------
Data Inspection:
----------------
    One row means: one penguin
    Row count: 344
    Column count: 8
    Column names: ['species', 'island', 'bill_length_mm', 'bill_depth_mm', 'flipper_length_mm', 'body_mass_g', 'sex', 'year']

---------------
First Few Rows:
---------------
  species     island  bill_length_mm  ...  body_mass_g     sex  year
0  Adelie  Torgersen            39.1  ...       3750.0    male  2007
1  Adelie  Torgersen            39.5  ...       3800.0  female  2007
2  Adelie  Torgersen            40.3  ...       3250.0  female  2007
3  Adelie  Torgersen             NaN  ...          NaN     NaN  2007
4  Adelie  Torgersen            36.7  ...       3450.0  female  2007

[5 rows x 8 columns]

2026-09-06 13:53:29 | INFO | P02 | -------------------------------
2026-09-06 13:53:29 | INFO | P02 | 03. REPEAT logic using a for loop.
2026-09-06 13:53:29 | INFO | P02 | -------------------------------
2026-09-06 13:53:29 | INFO | P02 | Column name: species
2026-09-06 13:53:29 | INFO | P02 | Column name: island
2026-09-06 13:53:29 | INFO | P02 | Column name: bill_length_mm
2026-09-06 13:53:29 | INFO | P02 | Column name: bill_depth_mm
2026-09-06 13:53:29 | INFO | P02 | Column name: flipper_length_mm
2026-09-06 13:53:29 | INFO | P02 | Column name: body_mass_g
2026-09-06 13:53:29 | INFO | P02 | Column name: sex
2026-09-06 13:53:29 | INFO | P02 | Column name: year
2026-09-06 13:53:29 | INFO | P02 | Selected group column: species
2026-09-06 13:53:29 | INFO | P02 | Reason for choosing this group: 
The species column has a small number of unique values.
There are three unique species, so a for loop can
process and log each one.

2026-09-06 13:53:29 | INFO | P02 | Item: Adelie
2026-09-06 13:53:29 | INFO | P02 | Item: Gentoo
2026-09-06 13:53:29 | INFO | P02 | Item: Chinstrap
2026-09-06 13:53:29 | INFO | P02 | -------------------------------
2026-09-06 13:53:29 | INFO | P02 | 04. TRANSFORM one list to another list.
2026-09-06 13:53:29 | INFO | P02 | -------------------------------
2026-09-06 13:53:29 | INFO | P02 | Capitalized column names: ['SPECIES', 'ISLAND', 'BILL_LENGTH_MM', 'BILL_DEPTH_MM', 'FLIPPER_LENGTH_MM', 'BODY_MASS_G', 'SEX', 'YEAR']
2026-09-06 13:53:29 | INFO | P02 | -------------------------------
2026-09-06 13:53:29 | INFO | P02 | 05. BRANCH based on conditions.
2026-09-06 13:53:29 | INFO | P02 | -------------------------------
2026-09-06 13:53:29 | INFO | P02 | Selected measurement column: flipper_length_mm
2026-09-06 13:53:29 | INFO | P02 | Reason for choosing this measurement: 
Flipper length varies across penguins.
There is no fixed cutoff, so we'll calculate the average
and assign a classification depending on a threshold
around the average value.

2026-09-06 13:53:29 | INFO | P02 | flipper_length_mm - Minimum: 172.0
2026-09-06 13:53:29 | INFO | P02 | flipper_length_mm - Maximum:  231.0
2026-09-06 13:53:29 | INFO | P02 | flipper_length_mm - Mean:     200.91520467836258
2026-09-06 13:53:29 | INFO | P02 | -------------------------------
2026-09-06 13:53:29 | INFO | P02 | Sample flipper_length_mm: 181.0
2026-09-06 13:53:29 | INFO | P02 | Short threshold multiplier: 0.85
2026-09-06 13:53:29 | INFO | P02 | Long threshold multiplier:  1.15
2026-09-06 13:53:29 | INFO | P02 | Short threshold: 170.77792397660818
2026-09-06 13:53:29 | INFO | P02 | Long threshold:  231.05248538011696
2026-09-06 13:53:29 | INFO | P02 | First row flipper_length_mm classification: MEDIUM
2026-09-06 13:53:29 | INFO | P02 | -------------------------------
2026-09-06 13:53:29 | INFO | P02 | 06. REPEAT while a condition is true.
2026-09-06 13:53:29 | INFO | P02 | -------------------------------
2026-09-06 13:53:29 | INFO | P02 | Starting to process measurements periodically...
2026-09-06 13:53:29 | INFO | P02 | Max records to process: 10
2026-09-06 13:53:29 | INFO | P02 | Stream wait seconds: 1
2026-09-06 13:53:29 | INFO | P02 | Current count: 0
2026-09-06 13:53:29 | INFO | P02 | Current flipper_length_mm: 181.0
2026-09-06 13:53:29 | INFO | P02 | Updated count: 1
2026-09-06 13:53:30 | INFO | P02 | Current flipper_length_mm: 186.0
2026-09-06 13:53:30 | INFO | P02 | Updated count: 2
2026-09-06 13:53:31 | INFO | P02 | Current flipper_length_mm: 195.0
2026-09-06 13:53:31 | INFO | P02 | Updated count: 3
2026-09-06 13:53:32 | INFO | P02 | Current flipper_length_mm: nan
2026-09-06 13:53:32 | INFO | P02 | Updated count: 4
2026-09-06 13:53:33 | INFO | P02 | Current flipper_length_mm: 193.0
2026-09-06 13:53:33 | INFO | P02 | Updated count: 5
2026-09-06 13:53:34 | INFO | P02 | Current flipper_length_mm: 190.0
2026-09-06 13:53:34 | INFO | P02 | Updated count: 6
2026-09-06 13:53:35 | INFO | P02 | Current flipper_length_mm: 181.0
2026-09-06 13:53:35 | INFO | P02 | Updated count: 7
2026-09-06 13:53:36 | INFO | P02 | Current flipper_length_mm: 195.0
2026-09-06 13:53:36 | INFO | P02 | Updated count: 8
2026-09-06 13:53:37 | INFO | P02 | Current flipper_length_mm: 193.0
2026-09-06 13:53:37 | INFO | P02 | Updated count: 9
2026-09-06 13:53:38 | INFO | P02 | Current flipper_length_mm: 190.0
2026-09-06 13:53:38 | INFO | P02 | Updated count: 10
2026-09-06 13:53:39 | INFO | P02 | -------------------------------
2026-09-06 13:53:39 | INFO | P02 | 07. VISUALIZE the selected measurement.
2026-09-06 13:53:39 | INFO | P02 | -------------------------------
2026-09-06 13:53:39 | INFO | P02 | Creating a chart to visualize the selected measurement.
2026-09-06 13:53:39 | INFO | P02 | We selected one numeric column, so let's look at the distribution.
2026-09-06 13:53:39 | INFO | P02 | Chart saved successfully at docs\images\measurement-distribution.png.
2026-09-06 13:53:39 | INFO | P02 | IMPORTANT: Close chart window to continue by clicking its X or close button.
2026-09-06 13:53:39 | INFO | P02 | ===================================
2026-09-06 13:53:39 | INFO | P02 | END main() - Executed successfully!
2026-09-06 13:53:39 | INFO | P02 | ===================================
2026-09-06 14:29:16 | INFO | P02 | === RUN START ===
2026-09-06 14:29:16 | INFO | P02 | project=P02
2026-09-06 14:29:16 | INFO | P02 | repo_dir=datafun-02-automation
2026-09-06 14:29:16 | INFO | P02 | python=3.14.7
2026-09-06 14:29:16 | INFO | P02 | os=Windows 11
2026-09-06 14:29:16 | INFO | P02 | shell=powershell
2026-09-06 14:29:16 | INFO | P02 | cwd=.
2026-09-06 14:29:16 | INFO | P02 | github_actions=False
2026-09-06 14:29:16 | INFO | P02 | ===================================
2026-09-06 14:29:16 | INFO | P02 | START main()
2026-09-06 14:29:16 | INFO | P02 | ===================================
2026-09-06 14:29:16 | INFO | P02 | -------------------------------
2026-09-06 14:29:16 | INFO | P02 | 01. LOAD the data.
2026-09-06 14:29:16 | INFO | P02 | -------------------------------
2026-09-06 14:29:16 | INFO | P02 | data file = data\penguins.csv
2026-09-06 14:29:16 | INFO | P02 | Data loaded successfully.
2026-09-06 14:29:16 | INFO | P02 | -------------------------------
2026-09-06 14:29:16 | INFO | P02 | 02. INSPECT the data.
2026-09-06 14:29:16 | INFO | P02 | -------------------------------
2026-09-06 14:29:16 | INFO | P02 | START inspect
2026-09-06 14:29:16 | INFO | P02 |    row_count:    344
2026-09-06 14:29:16 | INFO | P02 |    column_count: 8
2026-09-06 14:29:16 | INFO | P02 |    column_names: ['species', 'island', 'bill_length_mm', 'bill_depth_mm', 'flipper_length_mm', 'body_mass_g', 'sex', 'year']
2026-09-06 14:29:16 | INFO | P02 | END inspect. Returning inspection_string.
2026-09-06 14:29:16 | INFO | P02 | 
----------------
Data Inspection:
----------------
    One row means: one penguin
    Row count: 344
    Column count: 8
    Column names: ['species', 'island', 'bill_length_mm', 'bill_depth_mm', 'flipper_length_mm', 'body_mass_g', 'sex', 'year']

---------------
First Few Rows:
---------------
  species     island  bill_length_mm  bill_depth_mm  flipper_length_mm  body_mass_g     sex  year
0  Adelie  Torgersen            39.1           18.7              181.0       3750.0    male  2007
1  Adelie  Torgersen            39.5           17.4              186.0       3800.0  female  2007
2  Adelie  Torgersen            40.3           18.0              195.0       3250.0  female  2007
3  Adelie  Torgersen             NaN            NaN                NaN          NaN     NaN  2007
4  Adelie  Torgersen            36.7           19.3              193.0       3450.0  female  2007

2026-09-06 14:29:16 | INFO | P02 | -------------------------------
2026-09-06 14:29:16 | INFO | P02 | 03. REPEAT logic using a for loop.
2026-09-06 14:29:16 | INFO | P02 | -------------------------------
2026-09-06 14:29:16 | INFO | P02 | Column name: species
2026-09-06 14:29:16 | INFO | P02 | Column name: island
2026-09-06 14:29:16 | INFO | P02 | Column name: bill_length_mm
2026-09-06 14:29:16 | INFO | P02 | Column name: bill_depth_mm
2026-09-06 14:29:16 | INFO | P02 | Column name: flipper_length_mm
2026-09-06 14:29:16 | INFO | P02 | Column name: body_mass_g
2026-09-06 14:29:16 | INFO | P02 | Column name: sex
2026-09-06 14:29:16 | INFO | P02 | Column name: year
2026-09-06 14:29:16 | INFO | P02 | Selected group column: species
2026-09-06 14:29:16 | INFO | P02 | Reason for choosing this group: 
The species column has a small number of unique values.
There are three unique species, so a for loop can
process and log each one.

2026-09-06 14:29:16 | INFO | P02 | Item: Adelie
2026-09-06 14:29:16 | INFO | P02 | Item: Gentoo
2026-09-06 14:29:16 | INFO | P02 | Item: Chinstrap
2026-09-06 14:29:16 | INFO | P02 | -------------------------------
2026-09-06 14:29:16 | INFO | P02 | 04. TRANSFORM one list to another list.
2026-09-06 14:29:16 | INFO | P02 | -------------------------------
2026-09-06 14:29:16 | INFO | P02 | Capitalized column names: ['SPECIES', 'ISLAND', 'BILL_LENGTH_MM', 'BILL_DEPTH_MM', 'FLIPPER_LENGTH_MM', 'BODY_MASS_G', 'SEX', 'YEAR']
2026-09-06 14:29:16 | INFO | P02 | -------------------------------
2026-09-06 14:29:16 | INFO | P02 | 05. BRANCH based on conditions.
2026-09-06 14:29:16 | INFO | P02 | -------------------------------
2026-09-06 14:29:16 | INFO | P02 | Selected measurement column: flipper_length_mm
2026-09-06 14:29:16 | INFO | P02 | Reason for choosing this measurement: 
Flipper length varies across penguins.
There is no fixed cutoff, so we'll calculate the average
and assign a classification depending on a threshold
around the average value.

2026-09-06 14:29:16 | INFO | P02 | flipper_length_mm - Minimum: 172.0
2026-09-06 14:29:16 | INFO | P02 | flipper_length_mm - Maximum:  231.0
2026-09-06 14:29:16 | INFO | P02 | flipper_length_mm - Mean:     200.91520467836258
2026-09-06 14:29:16 | INFO | P02 | -------------------------------
2026-09-06 14:29:16 | INFO | P02 | Sample flipper_length_mm: 181.0
2026-09-06 14:29:16 | INFO | P02 | Short threshold multiplier: 0.85
2026-09-06 14:29:16 | INFO | P02 | Long threshold multiplier:  1.15
2026-09-06 14:29:16 | INFO | P02 | Short threshold: 170.77792397660818
2026-09-06 14:29:16 | INFO | P02 | Long threshold:  231.05248538011696
2026-09-06 14:29:16 | INFO | P02 | First row flipper_length_mm classification: MEDIUM
2026-09-06 14:29:16 | INFO | P02 | -------------------------------
2026-09-06 14:29:16 | INFO | P02 | 06. REPEAT while a condition is true.
2026-09-06 14:29:16 | INFO | P02 | -------------------------------
2026-09-06 14:29:16 | INFO | P02 | Starting to process measurements periodically...
2026-09-06 14:29:16 | INFO | P02 | Max records to process: 10
2026-09-06 14:29:16 | INFO | P02 | Stream wait seconds: 1
2026-09-06 14:29:16 | INFO | P02 | Current count: 0
2026-09-06 14:29:16 | INFO | P02 | Current flipper_length_mm: 181.0
2026-09-06 14:29:16 | INFO | P02 | Updated count: 1
2026-09-06 14:29:17 | INFO | P02 | Current flipper_length_mm: 186.0
2026-09-06 14:29:17 | INFO | P02 | Updated count: 2
2026-09-06 14:29:18 | INFO | P02 | Current flipper_length_mm: 195.0
2026-09-06 14:29:18 | INFO | P02 | Updated count: 3
2026-09-06 14:29:19 | INFO | P02 | Current flipper_length_mm: nan
2026-09-06 14:29:19 | INFO | P02 | Updated count: 4
2026-09-06 14:29:20 | INFO | P02 | Current flipper_length_mm: 193.0
2026-09-06 14:29:20 | INFO | P02 | Updated count: 5
2026-09-06 14:29:21 | INFO | P02 | Current flipper_length_mm: 190.0
2026-09-06 14:29:21 | INFO | P02 | Updated count: 6
2026-09-06 14:29:22 | INFO | P02 | Current flipper_length_mm: 181.0
2026-09-06 14:29:22 | INFO | P02 | Updated count: 7
2026-09-06 14:29:23 | INFO | P02 | Current flipper_length_mm: 195.0
2026-09-06 14:29:23 | INFO | P02 | Updated count: 8
2026-09-06 14:29:24 | INFO | P02 | Current flipper_length_mm: 193.0
2026-09-06 14:29:24 | INFO | P02 | Updated count: 9
2026-09-06 14:29:25 | INFO | P02 | Current flipper_length_mm: 190.0
2026-09-06 14:29:25 | INFO | P02 | Updated count: 10
2026-09-06 14:29:26 | INFO | P02 | -------------------------------
2026-09-06 14:29:26 | INFO | P02 | 07. VISUALIZE the selected measurement.
2026-09-06 14:29:26 | INFO | P02 | -------------------------------
2026-09-06 14:29:26 | INFO | P02 | Creating a chart to visualize the selected measurement.
2026-09-06 14:29:26 | INFO | P02 | We selected one numeric column, so let's look at the distribution.
2026-09-06 14:29:26 | INFO | P02 | Chart saved successfully at docs\images\measurement-distribution.png.
2026-09-06 14:29:26 | INFO | P02 | IMPORTANT: Close chart window to continue by clicking its X or close button.
2026-09-06 14:29:31 | INFO | P02 | ===================================
2026-09-06 14:29:31 | INFO | P02 | END main() - Executed successfully!
2026-09-06 14:29:31 | INFO | P02 | ===================================
2026-09-06 14:48:47 | INFO | P02 | === RUN START ===
2026-09-06 14:48:47 | INFO | P02 | project=P02
2026-09-06 14:48:47 | INFO | P02 | repo_dir=datafun-02-automation
2026-09-06 14:48:47 | INFO | P02 | python=3.14.7
2026-09-06 14:48:47 | INFO | P02 | os=Windows 11
2026-09-06 14:48:47 | INFO | P02 | shell=powershell
2026-09-06 14:48:47 | INFO | P02 | cwd=.
2026-09-06 14:48:47 | INFO | P02 | github_actions=False
2026-09-06 14:48:47 | INFO | P02 | ===================================
2026-09-06 14:48:47 | INFO | P02 | START main()
2026-09-06 14:48:47 | INFO | P02 | ===================================
2026-09-06 14:48:47 | INFO | P02 | -------------------------------
2026-09-06 14:48:47 | INFO | P02 | 01. LOAD the data.
2026-09-06 14:48:47 | INFO | P02 | -------------------------------
2026-09-06 14:48:47 | INFO | P02 | data file = data\auto-mpg.data
2026-09-06 14:48:47 | INFO | P02 | Data loaded successfully.
2026-09-06 14:48:47 | INFO | P02 | -------------------------------
2026-09-06 14:48:47 | INFO | P02 | 02. INSPECT the data.
2026-09-06 14:48:47 | INFO | P02 | -------------------------------
2026-09-06 14:48:47 | INFO | P02 | START inspect
2026-09-06 14:48:47 | INFO | P02 |    row_count:    398
2026-09-06 14:48:47 | INFO | P02 |    column_count: 9
2026-09-06 14:48:47 | INFO | P02 |    column_names: ['mpg', 'cylinders', 'displacement', 'horsepower', 'weight', 'acceleration', 'model_year', 'origin', 'car_name']
2026-09-06 14:48:47 | INFO | P02 | END inspect. Returning inspection_string.
2026-09-06 14:48:47 | INFO | P02 | 
----------------
Data Inspection:
----------------
    One row means: one penguin
    Row count: 398
    Column count: 9
    Column names: ['mpg', 'cylinders', 'displacement', 'horsepower', 'weight', 'acceleration', 'model_year', 'origin', 'car_name']

---------------
First Few Rows:
---------------
    mpg  cylinders  displacement  horsepower  weight  acceleration  model_year  origin                   car_name
0  18.0          8         307.0       130.0  3504.0          12.0          70       1  chevrolet chevelle malibu
1  15.0          8         350.0       165.0  3693.0          11.5          70       1          buick skylark 320
2  18.0          8         318.0       150.0  3436.0          11.0          70       1         plymouth satellite
3  16.0          8         304.0       150.0  3433.0          12.0          70       1              amc rebel sst
4  17.0          8         302.0       140.0  3449.0          10.5          70       1                ford torino

2026-09-06 14:48:47 | INFO | P02 | -------------------------------
2026-09-06 14:48:47 | INFO | P02 | 03. REPEAT logic using a for loop.
2026-09-06 14:48:47 | INFO | P02 | -------------------------------
2026-09-06 14:48:47 | INFO | P02 | Column name: mpg
2026-09-06 14:48:47 | INFO | P02 | Column name: cylinders
2026-09-06 14:48:47 | INFO | P02 | Column name: displacement
2026-09-06 14:48:47 | INFO | P02 | Column name: horsepower
2026-09-06 14:48:47 | INFO | P02 | Column name: weight
2026-09-06 14:48:47 | INFO | P02 | Column name: acceleration
2026-09-06 14:48:47 | INFO | P02 | Column name: model_year
2026-09-06 14:48:47 | INFO | P02 | Column name: origin
2026-09-06 14:48:47 | INFO | P02 | Column name: car_name
2026-09-06 14:48:47 | INFO | P02 | Selected group column: cylinders
2026-09-06 14:48:47 | INFO | P02 | Reason for choosing this group: 
The cylinders column has a small number of unique values.
Using a for loop lets the program process and log each cylinder group.

2026-09-06 14:48:47 | INFO | P02 | Item: 8
2026-09-06 14:48:47 | INFO | P02 | Item: 4
2026-09-06 14:48:47 | INFO | P02 | Item: 6
2026-09-06 14:48:47 | INFO | P02 | Item: 3
2026-09-06 14:48:47 | INFO | P02 | Item: 5
2026-09-06 14:48:47 | INFO | P02 | -------------------------------
2026-09-06 14:48:47 | INFO | P02 | 04. TRANSFORM one list to another list.
2026-09-06 14:48:47 | INFO | P02 | -------------------------------
2026-09-06 14:48:47 | INFO | P02 | Capitalized column names: ['MPG', 'CYLINDERS', 'DISPLACEMENT', 'HORSEPOWER', 'WEIGHT', 'ACCELERATION', 'MODEL_YEAR', 'ORIGIN', 'CAR_NAME']
2026-09-06 14:48:47 | INFO | P02 | -------------------------------
2026-09-06 14:48:47 | INFO | P02 | 05. BRANCH based on conditions.
2026-09-06 14:48:47 | INFO | P02 | -------------------------------
2026-09-06 14:48:47 | INFO | P02 | Selected measurement column: mpg
2026-09-06 14:48:47 | INFO | P02 | Reason for choosing this measurement: 
Miles per gallon varies across cars.
There is no fixed cutoff, so the program calculates the average
and assigns a classification based on thresholds around that average.

2026-09-06 14:48:47 | INFO | P02 | mpg - Minimum: 9.0
2026-09-06 14:48:47 | INFO | P02 | mpg - Maximum:  46.6
2026-09-06 14:48:47 | INFO | P02 | mpg - Mean:     23.514572864321607
2026-09-06 14:48:47 | INFO | P02 | -------------------------------
2026-09-06 14:48:47 | INFO | P02 | Sample mpg: 18.0
2026-09-06 14:48:47 | INFO | P02 | Short threshold multiplier: 0.85
2026-09-06 14:48:47 | INFO | P02 | Long threshold multiplier:  1.15
2026-09-06 14:48:47 | INFO | P02 | Short threshold: 19.987386934673367
2026-09-06 14:48:47 | INFO | P02 | Long threshold:  27.041758793969848
2026-09-06 14:48:47 | INFO | P02 | First row mpg classification: SHORT
2026-09-06 14:48:47 | INFO | P02 | -------------------------------
2026-09-06 14:48:47 | INFO | P02 | 06. REPEAT while a condition is true.
2026-09-06 14:48:47 | INFO | P02 | -------------------------------
2026-09-06 14:48:47 | INFO | P02 | Starting to process measurements periodically...
2026-09-06 14:48:47 | INFO | P02 | Max records to process: 10
2026-09-06 14:48:47 | INFO | P02 | Stream wait seconds: 1
2026-09-06 14:48:47 | INFO | P02 | Current count: 0
2026-09-06 14:48:47 | INFO | P02 | Current mpg: 18.0
2026-09-06 14:48:47 | INFO | P02 | Updated count: 1
2026-09-06 14:48:48 | INFO | P02 | Current mpg: 15.0
2026-09-06 14:48:48 | INFO | P02 | Updated count: 2
2026-09-06 14:48:49 | INFO | P02 | Current mpg: 18.0
2026-09-06 14:48:49 | INFO | P02 | Updated count: 3
2026-09-06 14:48:50 | INFO | P02 | Current mpg: 16.0
2026-09-06 14:48:50 | INFO | P02 | Updated count: 4
2026-09-06 14:48:51 | INFO | P02 | Current mpg: 17.0
2026-09-06 14:48:51 | INFO | P02 | Updated count: 5
2026-09-06 14:48:52 | INFO | P02 | Current mpg: 15.0
2026-09-06 14:48:52 | INFO | P02 | Updated count: 6
2026-09-06 14:48:53 | INFO | P02 | Current mpg: 14.0
2026-09-06 14:48:53 | INFO | P02 | Updated count: 7
2026-09-06 14:48:54 | INFO | P02 | Current mpg: 14.0
2026-09-06 14:48:54 | INFO | P02 | Updated count: 8
2026-09-06 14:48:55 | INFO | P02 | Current mpg: 14.0
2026-09-06 14:48:55 | INFO | P02 | Updated count: 9
2026-09-06 14:48:56 | INFO | P02 | Current mpg: 15.0
2026-09-06 14:48:56 | INFO | P02 | Updated count: 10
2026-09-06 14:48:57 | INFO | P02 | -------------------------------
2026-09-06 14:48:57 | INFO | P02 | 07. VISUALIZE the selected measurement.
2026-09-06 14:48:57 | INFO | P02 | -------------------------------
2026-09-06 14:48:57 | INFO | P02 | Creating a chart to visualize the selected measurement.
2026-09-06 14:48:57 | INFO | P02 | We selected one numeric column, so let's look at the distribution.
2026-09-06 14:48:57 | INFO | P02 | Chart saved successfully at docs\images\measurement-distribution.png.
2026-09-06 14:48:57 | INFO | P02 | IMPORTANT: Close chart window to continue by clicking its X or close button.
2026-09-06 14:49:10 | INFO | P02 | ===================================
2026-09-06 14:49:10 | INFO | P02 | END main() - Executed successfully!
2026-09-06 14:49:11 | INFO | P02 | ===================================
2026-09-06 14:59:53 | INFO | P02 | === RUN START ===
2026-09-06 14:59:53 | INFO | P02 | project=P02
2026-09-06 14:59:53 | INFO | P02 | repo_dir=datafun-02-automation
2026-09-06 14:59:53 | INFO | P02 | python=3.14.7
2026-09-06 14:59:53 | INFO | P02 | os=Windows 11
2026-09-06 14:59:53 | INFO | P02 | shell=powershell
2026-09-06 14:59:53 | INFO | P02 | cwd=.
2026-09-06 14:59:53 | INFO | P02 | github_actions=False
2026-09-06 14:59:53 | INFO | P02 | ===================================
2026-09-06 14:59:53 | INFO | P02 | START main()
2026-09-06 14:59:53 | INFO | P02 | ===================================
2026-09-06 14:59:53 | INFO | P02 | -------------------------------
2026-09-06 14:59:53 | INFO | P02 | 01. LOAD the data.
2026-09-06 14:59:53 | INFO | P02 | -------------------------------
2026-09-06 14:59:53 | INFO | P02 | data file = data\auto-mpg.data
2026-09-06 14:59:53 | INFO | P02 | Data loaded successfully.
2026-09-06 14:59:53 | INFO | P02 | -------------------------------
2026-09-06 14:59:53 | INFO | P02 | 02. INSPECT the data.
2026-09-06 14:59:53 | INFO | P02 | -------------------------------
2026-09-06 14:59:53 | INFO | P02 | START inspect
2026-09-06 14:59:53 | INFO | P02 |    row_count:    398
2026-09-06 14:59:53 | INFO | P02 |    column_count: 9
2026-09-06 14:59:53 | INFO | P02 |    column_names: ['mpg', 'cylinders', 'displacement', 'horsepower', 'weight', 'acceleration', 'model_year', 'origin', 'car_name']
2026-09-06 14:59:53 | INFO | P02 | END inspect. Returning inspection_string.
2026-09-06 14:59:53 | INFO | P02 | 
----------------
Data Inspection:
----------------
    One row means: one penguin
    Row count: 398
    Column count: 9
    Column names: ['mpg', 'cylinders', 'displacement', 'horsepower', 'weight', 'acceleration', 'model_year', 'origin', 'car_name']

---------------
First Few Rows:
---------------
    mpg  cylinders  displacement  ...  model_year  origin                   car_name
0  18.0          8         307.0  ...          70       1  chevrolet chevelle malibu
1  15.0          8         350.0  ...          70       1          buick skylark 320
2  18.0          8         318.0  ...          70       1         plymouth satellite
3  16.0          8         304.0  ...          70       1              amc rebel sst
4  17.0          8         302.0  ...          70       1                ford torino

[5 rows x 9 columns]

2026-09-06 14:59:53 | INFO | P02 | -------------------------------
2026-09-06 14:59:53 | INFO | P02 | 03. REPEAT logic using a for loop.
2026-09-06 14:59:53 | INFO | P02 | -------------------------------
2026-09-06 14:59:53 | INFO | P02 | Column name: mpg
2026-09-06 14:59:53 | INFO | P02 | Column name: cylinders
2026-09-06 14:59:53 | INFO | P02 | Column name: displacement
2026-09-06 14:59:53 | INFO | P02 | Column name: horsepower
2026-09-06 14:59:53 | INFO | P02 | Column name: weight
2026-09-06 14:59:53 | INFO | P02 | Column name: acceleration
2026-09-06 14:59:53 | INFO | P02 | Column name: model_year
2026-09-06 14:59:53 | INFO | P02 | Column name: origin
2026-09-06 14:59:53 | INFO | P02 | Column name: car_name
2026-09-06 14:59:53 | INFO | P02 | Selected group column: cylinders
2026-09-06 14:59:53 | INFO | P02 | Reason for choosing this group: 
The cylinders column has a small number of unique values.
Using a for loop lets the program process and log each cylinder group.

2026-09-06 14:59:53 | INFO | P02 | Item: 8
2026-09-06 14:59:53 | INFO | P02 | Item: 4
2026-09-06 14:59:53 | INFO | P02 | Item: 6
2026-09-06 14:59:53 | INFO | P02 | Item: 3
2026-09-06 14:59:53 | INFO | P02 | Item: 5
2026-09-06 14:59:53 | INFO | P02 | -------------------------------
2026-09-06 14:59:53 | INFO | P02 | 04. TRANSFORM one list to another list.
2026-09-06 14:59:53 | INFO | P02 | -------------------------------
2026-09-06 14:59:53 | INFO | P02 | Capitalized column names: ['MPG', 'CYLINDERS', 'DISPLACEMENT', 'HORSEPOWER', 'WEIGHT', 'ACCELERATION', 'MODEL_YEAR', 'ORIGIN', 'CAR_NAME']
2026-09-06 14:59:53 | INFO | P02 | -------------------------------
2026-09-06 14:59:53 | INFO | P02 | 05. BRANCH based on conditions.
2026-09-06 14:59:53 | INFO | P02 | -------------------------------
2026-09-06 14:59:53 | INFO | P02 | Selected measurement column: mpg
2026-09-06 14:59:53 | INFO | P02 | Reason for choosing this measurement: 
Miles per gallon varies across cars.
There is no fixed cutoff, so the program calculates the average
and assigns a classification based on thresholds around that average.

2026-09-06 14:59:53 | INFO | P02 | mpg - Minimum: 9.0
2026-09-06 14:59:53 | INFO | P02 | mpg - Maximum:  46.6
2026-09-06 14:59:53 | INFO | P02 | mpg - Mean:     23.514572864321607
2026-09-06 14:59:53 | INFO | P02 | -------------------------------
2026-09-06 14:59:53 | INFO | P02 | Sample mpg: 18.0
2026-09-06 14:59:53 | INFO | P02 | Short threshold multiplier: 0.85
2026-09-06 14:59:53 | INFO | P02 | Long threshold multiplier:  1.15
2026-09-06 14:59:53 | INFO | P02 | Short threshold: 19.987386934673367
2026-09-06 14:59:53 | INFO | P02 | Long threshold:  27.041758793969848
2026-09-06 14:59:53 | INFO | P02 | First row mpg classification: SHORT
2026-09-06 14:59:53 | INFO | P02 | -------------------------------
2026-09-06 14:59:53 | INFO | P02 | 06. REPEAT while a condition is true.
2026-09-06 14:59:53 | INFO | P02 | -------------------------------
2026-09-06 14:59:53 | INFO | P02 | Starting to process measurements periodically...
2026-09-06 14:59:53 | INFO | P02 | Max records to process: 10
2026-09-06 14:59:53 | INFO | P02 | Stream wait seconds: 1
2026-09-06 14:59:53 | INFO | P02 | Current count: 0
2026-09-06 14:59:53 | INFO | P02 | Current mpg: 18.0
2026-09-06 14:59:53 | INFO | P02 | Updated count: 1
2026-09-06 14:59:54 | INFO | P02 | Current mpg: 15.0
2026-09-06 14:59:54 | INFO | P02 | Updated count: 2
2026-09-06 14:59:55 | INFO | P02 | Current mpg: 18.0
2026-09-06 14:59:55 | INFO | P02 | Updated count: 3
2026-09-06 14:59:56 | INFO | P02 | Current mpg: 16.0
2026-09-06 14:59:56 | INFO | P02 | Updated count: 4
2026-09-06 14:59:57 | INFO | P02 | Current mpg: 17.0
2026-09-06 14:59:57 | INFO | P02 | Updated count: 5
2026-09-06 14:59:58 | INFO | P02 | Current mpg: 15.0
2026-09-06 14:59:58 | INFO | P02 | Updated count: 6
2026-09-06 14:59:59 | INFO | P02 | Current mpg: 14.0
2026-09-06 14:59:59 | INFO | P02 | Updated count: 7
2026-09-06 15:00:00 | INFO | P02 | Current mpg: 14.0
2026-09-06 15:00:00 | INFO | P02 | Updated count: 8
2026-09-06 15:00:01 | INFO | P02 | Current mpg: 14.0
2026-09-06 15:00:01 | INFO | P02 | Updated count: 9
2026-09-06 15:00:02 | INFO | P02 | Current mpg: 15.0
2026-09-06 15:00:02 | INFO | P02 | Updated count: 10
2026-09-06 15:00:03 | INFO | P02 | -------------------------------
2026-09-06 15:00:03 | INFO | P02 | 07. VISUALIZE the selected measurement.
2026-09-06 15:00:03 | INFO | P02 | -------------------------------
2026-09-06 15:00:03 | INFO | P02 | Creating a chart to visualize the selected measurement.
2026-09-06 15:00:03 | INFO | P02 | We selected one numeric column, so let's look at the distribution.
2026-09-06 15:00:03 | INFO | P02 | Chart saved successfully at docs\images\measurement-distribution.png.
2026-09-06 15:00:03 | INFO | P02 | IMPORTANT: Close chart window to continue by clicking its X or close button.
2026-09-06 15:00:03 | INFO | P02 | ===================================
2026-09-06 15:00:03 | INFO | P02 | END main() - Executed successfully!
2026-09-06 15:00:03 | INFO | P02 | ===================================
